../Core/Src/main.c:57:6:display7SEG	16	static
../Core/Src/main.c:108:6:updateClockBuffer	4	static
../Core/Src/main.c:127:6:update7SEG	16	static
../Core/Src/main.c:159:6:setTimer0	16	static
../Core/Src/main.c:163:6:setTimer1	16	static
../Core/Src/main.c:167:6:timer_run	4	static
../Core/Src/main.c:183:5:main	8	static
../Core/Src/main.c:250:6:SystemClock_Config	72	static
../Core/Src/main.c:286:13:MX_TIM2_Init	32	static
../Core/Src/main.c:331:13:MX_GPIO_Init	32	static
../Core/Src/main.c:368:6:HAL_TIM_PeriodElapsedCallback	16	static
../Core/Src/main.c:378:6:Error_Handler	4	static,ignoring_inline_asm
