../Core/Src/main.c:23:6:displayDOT	16	static
../Core/Src/main.c:35:6:clearMatrix	8	static
../Core/Src/main.c:48:6:updateLEDMatrix	16	static
../Core/Src/main.c:135:6:setTimer2	16	static
../Core/Src/main.c:139:6:timer_run	4	static
../Core/Src/main.c:151:5:main	16	static
../Core/Src/main.c:202:6:SystemClock_Config	72	static
../Core/Src/main.c:238:13:MX_TIM2_Init	32	static
../Core/Src/main.c:283:13:MX_GPIO_Init	32	static
../Core/Src/main.c:332:6:HAL_TIM_PeriodElapsedCallback	16	static
../Core/Src/main.c:342:6:Error_Handler	4	static,ignoring_inline_asm
